Building for debugging...
[0/3] Write swift-version--58304C5D6DBC2206.txt
[2/7] Compiling SwiftViewerCore MainWindow.swift
/Users/uniuyuni/SwiftProjects/SwiftViewer/Sources/SwiftViewerCore/Presentation/Views/MainWindow/MainWindow.swift:65:9: [1;31merror: [1;39mthe compiler is unable to type-check this expression in reasonable time; try breaking up the expression into distinct sub-expressions[0;0m
 [0;36m63 |[0;0m 
 [0;36m64 |[0;0m     private var mainContent: some View {
 [0;36m65 |[0;0m         [4;39msplitView[0;0m
    [0;36m|[0;0m         `- [1;31merror: [1;39mthe compiler is unable to type-check this expression in reasonable time; try breaking up the expression into distinct sub-expressions[0;0m
 [0;36m66 |[0;0m             .frame(minWidth: 900, minHeight: 600) // Reduced minWidth
 [0;36m67 |[0;0m             .onChange(of: viewModel.currentFolder) { newFolder in
error: emit-module command failed with exit code 1 (use -v to see invocation)
[3/7] Emitting module SwiftViewerCore
/Users/uniuyuni/SwiftProjects/SwiftViewer/Sources/SwiftViewerCore/Presentation/ViewModels/MainViewModel.swift:2109:10: [1;31merror: [1;39minvalid redeclaration of 'confirmMoveFiles()'[0;0m
 [0;36m903 |[0;0m     }
 [0;36m904 |[0;0m 
 [0;36m905 |[0;0m     func confirmMoveFiles() {
     [0;36m|[0;0m          `- [1;39mnote: [1;39m'confirmMoveFiles()' previously declared here[0;0m
 [0;36m906 |[0;0m         guard let destination = fileOpDestination else { return }
 [0;36m907 |[0;0m         let items = filesToMove
     [0;36m:[0;0m
[0;36m2107 |[0;0m     }
[0;36m2108 |[0;0m 
[0;36m2109 |[0;0m     func confirmMoveFiles() {
     [0;36m|[0;0m          `- [1;31merror: [1;39minvalid redeclaration of 'confirmMoveFiles()'[0;0m
[0;36m2110 |[0;0m         guard let dest = fileOpDestination else { return }
[0;36m2111 |[0;0m         

/Users/uniuyuni/SwiftProjects/SwiftViewer/Sources/SwiftViewerCore/Presentation/ViewModels/MainViewModel.swift:2149:10: [1;31merror: [1;39minvalid redeclaration of 'confirmCopyFiles()'[0;0m
 [0;36m954 |[0;0m     }
 [0;36m955 |[0;0m 
 [0;36m956 |[0;0m     func confirmCopyFiles() {
     [0;36m|[0;0m          `- [1;39mnote: [1;39m'confirmCopyFiles()' previously declared here[0;0m
 [0;36m957 |[0;0m         guard let destination = fileOpDestination else { return }
 [0;36m958 |[0;0m         let items = filesToCopy
     [0;36m:[0;0m
[0;36m2147 |[0;0m     }
[0;36m2148 |[0;0m 
[0;36m2149 |[0;0m     func confirmCopyFiles() {
     [0;36m|[0;0m          `- [1;31merror: [1;39minvalid redeclaration of 'confirmCopyFiles()'[0;0m
[0;36m2150 |[0;0m         guard let dest = fileOpDestination else { return }
[0;36m2151 |[0;0m         
[4/7] Compiling SwiftViewerCore MainViewModel.swift
/Users/uniuyuni/SwiftProjects/SwiftViewer/Sources/SwiftViewerCore/Presentation/ViewModels/MainViewModel.swift:2109:10: [1;31merror: [1;39minvalid redeclaration of 'confirmMoveFiles()'[0;0m
 [0;36m903 |[0;0m     }
 [0;36m904 |[0;0m 
 [0;36m905 |[0;0m     func confirmMoveFiles() {
     [0;36m|[0;0m          `- [1;39mnote: [1;39m'confirmMoveFiles()' previously declared here[0;0m
 [0;36m906 |[0;0m         guard let destination = fileOpDestination else { return }
 [0;36m907 |[0;0m         let items = filesToMove
     [0;36m:[0;0m
[0;36m2107 |[0;0m     }
[0;36m2108 |[0;0m 
[0;36m2109 |[0;0m     func confirmMoveFiles() {
     [0;36m|[0;0m          `- [1;31merror: [1;39minvalid redeclaration of 'confirmMoveFiles()'[0;0m
[0;36m2110 |[0;0m         guard let dest = fileOpDestination else { return }
[0;36m2111 |[0;0m         

/Users/uniuyuni/SwiftProjects/SwiftViewer/Sources/SwiftViewerCore/Presentation/ViewModels/MainViewModel.swift:2149:10: [1;31merror: [1;39minvalid redeclaration of 'confirmCopyFiles()'[0;0m
 [0;36m954 |[0;0m     }
 [0;36m955 |[0;0m 
 [0;36m956 |[0;0m     func confirmCopyFiles() {
     [0;36m|[0;0m          `- [1;39mnote: [1;39m'confirmCopyFiles()' previously declared here[0;0m
 [0;36m957 |[0;0m         guard let destination = fileOpDestination else { return }
 [0;36m958 |[0;0m         let items = filesToCopy
     [0;36m:[0;0m
[0;36m2147 |[0;0m     }
[0;36m2148 |[0;0m 
[0;36m2149 |[0;0m     func confirmCopyFiles() {
     [0;36m|[0;0m          `- [1;31merror: [1;39minvalid redeclaration of 'confirmCopyFiles()'[0;0m
[0;36m2150 |[0;0m         guard let dest = fileOpDestination else { return }
[0;36m2151 |[0;0m         

/Users/uniuyuni/SwiftProjects/SwiftViewer/Sources/SwiftViewerCore/Presentation/ViewModels/MainViewModel.swift:1016:93: [1;33mwarning: [1;39mcapture of 'catalog' with non-Sendable type 'Catalog' in a '@Sendable' closure[0;0m [#]8;;https://docs.swift.org/compiler/documentation/diagnostics/sendable-closure-captures\SendableClosureCaptures]8;;\]
[0;36m1014 |[0;0m         await context.perform {
[0;36m1015 |[0;0m             let request: NSFetchRequest<MediaItem> = MediaItem.fetchRequest()
[0;36m1016 |[0;0m             request.predicate = NSPredicate(format: "catalog == %@ AND originalPath == %@", catalog, parentPath)
     [0;36m|[0;0m                                                                                             `- [1;33mwarning: [1;39mcapture of 'catalog' with non-Sendable type 'Catalog' in a '@Sendable' closure[0;0m [#]8;;https://docs.swift.org/compiler/documentation/diagnostics/sendable-closure-captures\SendableClosureCaptures]8;;\]
[0;36m1017 |[0;0m             request.fetchLimit = 1
[0;36m1018 |[0;0m             

/Users/uniuyuni/SwiftProjects/SwiftViewer/Sources/SwiftViewerCore/Data/CoreData/CoreDataClasses.swift:5:14: [1;39mnote: [1;39mclass 'Catalog' does not conform to the 'Sendable' protocol[0;0m
 [0;36m3 |[0;0m 
 [0;36m4 |[0;0m @objc(Catalog)
 [0;36m5 |[0;0m public class Catalog: NSManagedObject, Identifiable {
   [0;36m|[0;0m              `- [1;39mnote: [1;39mclass 'Catalog' does not conform to the 'Sendable' protocol[0;0m
 [0;36m6 |[0;0m     @NSManaged public var id: UUID?
 [0;36m7 |[0;0m     @NSManaged public var name: String?

/Users/uniuyuni/SwiftProjects/SwiftViewer/Sources/SwiftViewerCore/Presentation/ViewModels/MainViewModel.swift:2028:23: [1;33mwarning: [1;39mvalue 'self' was defined but never used; consider replacing with boolean test[0;0m [#no-usage]
[0;36m2026 |[0;0m         
[0;36m2027 |[0;0m         Task.detached(priority: .utility) { [weak self] in
[0;36m2028 |[0;0m             guard let self = self else { return }
     [0;36m|[0;0m                       `- [1;33mwarning: [1;39mvalue 'self' was defined but never used; consider replacing with boolean test[0;0m [#no-usage]
[0;36m2029 |[0;0m             let context = PersistenceController.shared.newBackgroundContext()
[0;36m2030 |[0;0m             

/Users/uniuyuni/SwiftProjects/SwiftViewer/Sources/SwiftViewerCore/Presentation/ViewModels/MainViewModel.swift:2035:74: [1;33mwarning: [1;39mcapture of 'catalog' with non-Sendable type 'Catalog' in a '@Sendable' closure[0;0m [#]8;;https://docs.swift.org/compiler/documentation/diagnostics/sendable-closure-captures\SendableClosureCaptures]8;;\]
[0;36m2033 |[0;0m             await context.perform {
[0;36m2034 |[0;0m                 let request: NSFetchRequest<MediaItem> = MediaItem.fetchRequest()
[0;36m2035 |[0;0m                 request.predicate = NSPredicate(format: "catalog == %@", catalog)
     [0;36m|[0;0m                                                                          `- [1;33mwarning: [1;39mcapture of 'catalog' with non-Sendable type 'Catalog' in a '@Sendable' closure[0;0m [#]8;;https://docs.swift.org/compiler/documentation/diagnostics/sendable-closure-captures\SendableClosureCaptures]8;;\]
[0;36m2036 |[0;0m                 
[0;36m2037 |[0;0m                 if let items = try? context.fetch(request) {

/Users/uniuyuni/SwiftProjects/SwiftViewer/Sources/SwiftViewerCore/Data/CoreData/CoreDataClasses.swift:5:14: [1;39mnote: [1;39mclass 'Catalog' does not conform to the 'Sendable' protocol[0;0m
 [0;36m3 |[0;0m 
 [0;36m4 |[0;0m @objc(Catalog)
 [0;36m5 |[0;0m public class Catalog: NSManagedObject, Identifiable {
   [0;36m|[0;0m              `- [1;39mnote: [1;39mclass 'Catalog' does not conform to the 'Sendable' protocol[0;0m
 [0;36m6 |[0;0m     @NSManaged public var id: UUID?
 [0;36m7 |[0;0m     @NSManaged public var name: String?

/Users/uniuyuni/SwiftProjects/SwiftViewer/Sources/SwiftViewerCore/Presentation/ViewModels/MainViewModel.swift:2052:70: [1;33mwarning: [1;39mreference to captured var 'missingIDs' in concurrently-executing code; this is an error in the Swift 6 language mode[0;0m [#]8;;https://docs.swift.org/compiler/documentation/diagnostics/sendable-closure-captures\SendableClosureCaptures]8;;\]
[0;36m2050 |[0;0m             if !missingIDs.isEmpty {
[0;36m2051 |[0;0m                 await MainActor.run {
[0;36m2052 |[0;0m                     ThumbnailGenerationService.shared.enqueue(items: missingIDs)
     [0;36m|[0;0m                                                                      `- [1;33mwarning: [1;39mreference to captured var 'missingIDs' in concurrently-executing code; this is an error in the Swift 6 language mode[0;0m [#]8;;https://docs.swift.org/compiler/documentation/diagnostics/sendable-closure-captures\SendableClosureCaptures]8;;\]
[0;36m2053 |[0;0m                 }
[0;36m2054 |[0;0m             }

[#SendableClosureCaptures]: <https://docs.swift.org/compiler/documentation/diagnostics/sendable-closure-captures>
[5/7] Compiling SwiftViewerCore FolderNodeView.swift
/Users/uniuyuni/SwiftProjects/SwiftViewer/Sources/SwiftViewerCore/Presentation/Views/Sidebar/FolderNodeView.swift:33:25: [1;31merror: [1;39mthe compiler is unable to type-check this expression in reasonable time; try breaking up the expression into distinct sub-expressions[0;0m
 [0;36m31 |[0;0m     @State private var showDeleteAlert = false
 [0;36m32 |[0;0m     
 [0;36m33 |[0;0m     var body: some View [4;39m{[0;0m
    [0;36m|[0;0m                         `- [1;31merror: [1;39mthe compiler is unable to type-check this expression in reasonable time; try breaking up the expression into distinct sub-expressions[0;0m
 [0;36m34 |[0;0m         DisclosureGroup(isExpanded: isExpanded) {
 [0;36m35 |[0;0m             if let subfolders = subfolders {

/Users/uniuyuni/SwiftProjects/SwiftViewer/Sources/SwiftViewerCore/Presentation/Views/Sidebar/FolderNodeView.swift:164:10: [1;31merror: [1;39mmissing argument for parameter 'importing' in call[0;0m
[0;36m162 |[0;0m         FileRepresentation(contentType: .fileURL) { preview in
[0;36m163 |[0;0m             SentTransferredFile(preview.url)
[0;36m164 |[0;0m         }
    [0;36m|[0;0m          `- [1;31merror: [1;39mmissing argument for parameter 'importing' in call[0;0m
[0;36m165 |[0;0m     }
[0;36m166 |[0;0m }

CoreTransferable.FileRepresentation.init:2:8: [1;39mnote: [1;39m'init(contentType:shouldAttemptToOpenInPlace:exporting:importing:)' declared here[0;0m
[0;36m1 |[0;0m generic struct FileRepresentation {
[0;36m2 |[0;0m public init(contentType: UTType, shouldAttemptToOpenInPlace: Bool = false, exporting: @escaping @Sendable (Item) async throws -> SentTransferredFile, importing: @escaping @Sendable (ReceivedTransferredFile) async throws -> Item)}
  [0;36m|[0;0m        `- [1;39mnote: [1;39m'init(contentType:shouldAttemptToOpenInPlace:exporting:importing:)' declared here[0;0m
[0;36m3 |[0;0m 
